// Jest Snapshot v1, https://goo.gl/fbAQLP

exports[`HtmlViewer +render 1`] = `<DocumentFragment />`;
