// Jest Snapshot v1, https://goo.gl/fbAQLP

exports[`GridItem render have children 1`] = `
<div>
  <div
    class="MuiGrid-root MuiGrid-item MuiGrid-grid-xs-12 css-13i4rnv-MuiGrid-root"
  >
    <div>
      1
    </div>
  </div>
</div>
`;
